// Jest Snapshot v1, https://goo.gl/fbAQLP

exports[`renders the children/content 1`] = `
<View
  style={
    Array [
      Object {
        "flexBasis": 0,
        "flexGrow": 1,
        "flexShrink": 1,
        "paddingBottom": 60,
        "paddingLeft": 30,
        "paddingRight": 30,
        "paddingTop": 60,
      },
      undefined,
    ]
  }
>
  <Text
    accessible={true}
    allowFontScaling={true}
    ellipsizeMode="tail"
  >
    test
  </Text>
</View>
`;
